<<<<<<< HEAD
<<<<<<< HEAD
Script started on Fri Apr 28 00:17:04 2023

The default interactive shell is now zsh.
To update your account to use zsh, please run `chsh -s /bin/zsh`.
For more details, please visit https://support.apple.com/kb/HT208050.
[?1034hbash-3.2$ 
bash-3.2$ git status
On branch BackendDeveloper
Your branch is ahead of 'origin/BackendDeveloper' by 1 commit.
=======
Script started on 2023-04-24 01:44:10+00:00 [TERM="xterm" TTY="/dev/pts/1" COLUMNS="104" LINES="27"]
[?2004h]0;gopal5@instance-1: ~/week13/Project3_BI_bluegopal5@instance-1:~/week13/Project3_BI_blue$ [7mgit status[27mgit status
[?2004lOn branch DataWrangler
Your branch is ahead of 'origin/DataWrangler' by 1 commit.
>>>>>>> DataWrangler
  (use "git push" to publish your local commits)
=======
Script started on Wed Apr 26 19:04:29 2023
Restored session: Wed Apr 26 18:25:39 CDT 2023
[1m[7m%[27m[1m[0m                                                                                                                                                                                 ]7;file://Sooraj-Guptas-MacBook-Pro.local/Users/Sooraj/Documents/Programming/college/CS400/Project3_BI_blue[0m[27m[24m[JSooraj@Sooraj-Guptas-MacBook-Pro Project3_BI_blue % [K[?2004h[?2004l
[1m[7m%[27m[1m[0m                                                                                                                                                                                 ]7;file://Sooraj-Guptas-MacBook-Pro.local/Users/Sooraj/Documents/Programming/college/CS400/Project3_BI_blue[0m[27m[24m[JSooraj@Sooraj-Guptas-MacBook-Pro Project3_BI_blue % [K[?2004heexit[?2004l

Saving session...
...saving history...truncating history files...
...completed.

Script done on Wed Apr 26 19:04:31 2023
=======
Script started on 2023-04-26 02:37:05+00:00 [TERM="xterm-256color" TTY="/dev/pts/1" COLUMNS="180" LINES="51"]
[?2004h]0;vsingh48@instance1: ~/Project3_BI_blue[01;32mvsingh48@instance1[00m:[01;34m~/Project3_BI_blue[00m$ [7mgit status[27mgit status
[?2004lOn branch AlgorithmEngineer
Your branch is up to date with 'origin/AlgorithmEngineer'.
>>>>>>> a90bedc441a6418a1f606d0a0a47b5aad6526d8e

Untracked files:
  (use "git add <file>..." to include in what will be committed)
<<<<<<< HEAD
	[31m.DS_Store[m
	[31mAirportBD.class[m
	[31mAirportInterfaceBD.class[m
	[31mBackendDeveloperTests.class[m
	[31mFlightBackend.class[m
	[31mFlightBackendInterface.class[m
	[31mFlightGraphBD$Edge.class[m
	[31mFlightGraphBD$Node.class[m
	[31mFlightGraphBD.class[m
	[31mFlightGraphInterfaceBD.class[m
	[31mGraphADT.class[m
	[31mRouteBD.class[m
	[31mRouteInterfaceBD.class[m
	[31mRouteReaderBD.class[m
	[31mRouteReaderInterfaceBD.class[m
	[31mdata.txt[m
	[31mjunit5.jar[m
	[31mlog[m

nothing added to commit but untracked files present (use "git add" to track)
bash-3.2$ git log -1
[?1h=[33mcommit 45c7cda2971b56b8401b96cedd9d6efa776a09fd[m[33m ([m[1;36mHEAD -> [m[1;32mBackendDeveloper[m[33m)[m[m
Author: Kyran Sinha <kyransinha@Kyrans-MacBook-Pro.local>[m
Date:   Fri Apr 28 00:16:47 2023 -0500[m
[m
    Completion[m
[K[?1l>bash-3.2$ make clean
rm *.class
bash-3.2$ ls
AirportBD.java			FlightBackend.java		FlightGraphInterfaceBD.java	MapADT.java			RouteReaderBD.java		junit5.jar
AirportInterfaceBD.java		FlightBackendInterface.java	GraphADT.java			RouteBD.java			RouteReaderInterfaceBD.java	log
BackendDeveloperTests.java	FlightGraphBD.java		Makefile			RouteInterfaceBD.java		data.txt
bash-3.2$ make runTests
javac AirportBD.java
javac FlightBackend.java
Note: ./FlightGraphBD.java uses unchecked or unsafe operations.
Note: Recompile with -Xlint:unchecked for details.
javac -cp junit5.jar:. BackendDeveloperTests.java
Note: BackendDeveloperTests.java uses unchecked or unsafe operations.
Note: Recompile with -Xlint:unchecked for details.
java -jar junit5.jar -cp . -c BackendDeveloperTests
Before scanner
After scanner
Before scanner
After scanner
{ Delhi=AirportBD@bd4dc25,  Bangalore=AirportBD@4efc180e, Mumbai=AirportBD@5fbdfdcf}
Before scanner
After scanner
{ Delhi=AirportBD@56cdfb3b,  Bangalore=AirportBD@4229bb3f, Mumbai=AirportBD@7fee8714}
false[]
=======
	[31mlog[m

nothing added to commit but untracked files present (use "git add" to track)
[?2004h]0;gopal5@instance-1: ~/week13/Project3_BI_bluegopal5@instance-1:~/week13/Project3_BI_blue$ [7mgit log -1[27mgit log -1
[?2004l[?1h=[33mcommit 02310979047f414137ec1f2e38dc3e813d66d93f[m[33m ([m[1;36mHEAD -> [m[1;32mDataWrangler[m[33m)[m[m
Author: Arjun Gopal <gopal5@wisc.edu>[m
Date:   Mon Apr 24 01:42:52 2023 +0000[m
[m
    Initial submission for P3W3 DataWrangler code[m
[K[?1l>[?2004h]0;gopal5@instance-1: ~/week13/Project3_BI_bluegopal5@instance-1:~/week13/Project3_BI_blue$ [7mmake clean[27mmake clean
[?2004lrm *.class
rm: cannot remove '*.class': No such file or directory
make: *** [Makefile:13: clean] Error 1
[?2004h]0;gopal5@instance-1: ~/week13/Project3_BI_bluegopal5@instance-1:~/week13/Project3_BI_blue$ ls
[?2004lAirportDW.java          Makefile             RouteReaderDW.java         [0m[01;31mjunit5.jar[0m
AirportInterface.java   RouteDW.java         RouteReaderInterface.java  log
DataWranglerTests.java  RouteInterface.java  flights.gv
[?2004h]0;gopal5@instance-1: ~/week13/Project3_BI_bluegopal5@instance-1:~/week13/Project3_BI_blue$ [7mmake runTests[27mmake runTests
[?2004ljavac AirportDW.java AirportInterface.java
javac RouteDW.java RouteInterface.java
javac RouteReaderDW.java RouteReaderInterface.java
javac -cp .:junit5.jar DataWranglerTests.java
java -jar junit5.jar -cp . --select-class=DataWranglerTests
>>>>>>> DataWrangler

Thanks for using JUnit! Support its development at https://junit.org/sponsoring

[36mâ•·[0m
[36mâ”œâ”€[0m [36mJUnit Jupiter[0m [32mâœ”[0m
<<<<<<< HEAD
[36mâ”‚  â””â”€[0m [36mBackendDeveloperTests[0m [32mâœ”[0m
[36mâ”‚     â”œâ”€[0m [34mLoadDataTest()[0m [32mâœ”[0m
[36mâ”‚     â”œâ”€[0m [34mTestFilters()[0m [32mâœ”[0m
[36mâ”‚     â””â”€[0m [34mTestingShortestPathAndFilter()[0m [32mâœ”[0m
[36mâ””â”€[0m [36mJUnit Vintage[0m [32mâœ”[0m

Test run finished after 53 ms
[         3 containers found      ]
[         0 containers skipped    ]
[         3 containers started    ]
[         0 containers aborted    ]
[         3 containers successful ]
[         0 containers failed     ]
[         3 tests found           ]
[         0 tests skipped         ]
[         3 tests started         ]
[         0 tests aborted         ]
[         3 tests successful      ]
[         0 tests failed          ]

bash-3.2$ exit
exit

Script done on Fri Apr 28 00:17:51 2023
=======
[36mâ”‚  â””â”€[0m [36mDataWranglerTests[0m [32mâœ”[0m
[36mâ”‚     â”œâ”€[0m [34mtest1()[0m [32mâœ”[0m
[36mâ”‚     â”œâ”€[0m [34mtest2()[0m [32mâœ”[0m
[36mâ”‚     â”œâ”€[0m [34mtest3()[0m [32mâœ”[0m
[36mâ”‚     â”œâ”€[0m [34mtest4()[0m [32mâœ”[0m
[36mâ”‚     â””â”€[0m [34mtest5()[0m [32mâœ”[0m
[36mâ”œâ”€[0m [36mJUnit Vintage[0m [32mâœ”[0m
[36mâ””â”€[0m [36mJUnit Platform Suite[0m [32mâœ”[0m

Test run finished after 2004 ms
[         4 containers found      ]
[         0 containers skipped    ]
[         4 containers started    ]
[         0 containers aborted    ]
[         4 containers successful ]
[         0 containers failed     ]
[         5 tests found           ]
[         0 tests skipped         ]
[         5 tests started         ]
[         0 tests aborted         ]
[         5 tests successful      ]
[         0 tests failed          ]

[?2004h]0;gopal5@instance-1: ~/week13/Project3_BI_bluegopal5@instance-1:~/week13/Project3_BI_blue$ [7mexit[27mexit
[?2004lexit

<<<<<<< HEAD
Script done on 2023-04-24 01:45:19+00:00 [COMMAND_EXIT_CODE="0"]
>>>>>>> DataWrangler
=======
Script done on 2023-04-26 02:37:57+00:00 [COMMAND_EXIT_CODE="0"]
>>>>>>> fee8628582cb2e64acb031aa314e45283912e6e3
>>>>>>> a90bedc441a6418a1f606d0a0a47b5aad6526d8e
